

*******************************************************************************
Tue Feb 24 16:03:26 2026


FIT:    data read from "plots/linearSearch.out" using 1:3
        format = x:z
        x range restricted to [0.00000 : 110000.]
        #datapoints = 10
        residuals are weighted equally (unit weight)

function used for fitting: f(x)
	f(x) = a*x+b
fitted parameters initialized with current variable values

iter      chisq       delta/lim  lambda   a             b            
   0 3.8467060555e+10   0.00e+00  4.39e+04    1.000000e+00   1.000000e+00
   8 5.0441630182e+00  -1.28e-04  4.39e-04    4.396509e-04   1.758000e-01

After 8 iterations the fit converged.
final sum of squares of residuals : 5.04416
rel. change during last iteration : -1.276e-09

degrees of freedom    (FIT_NDF)                        : 8
rms of residuals      (FIT_STDFIT) = sqrt(WSSR/ndf)    : 0.794053
variance of residuals (reduced chisquare) = WSSR/ndf   : 0.63052

Final set of parameters            Asymptotic Standard Error
=======================            ==========================
a               = 0.000439651      +/- 8.742e-06    (1.988%)
b               = 0.1758           +/- 0.5424       (308.6%)

correlation matrix of the fit parameters:
                a      b      
a               1.000 
b              -0.886  1.000 


*******************************************************************************
Tue Feb 24 16:05:00 2026


FIT:    data read from "plots/linearSearch.out"
        format = z
        x range restricted to [0.00000 : 110000.]
        #datapoints = 10
        residuals are weighted equally (unit weight)

function used for fitting: g(x)
	g(x)=c*x+d
BREAK: Need via and either parameter list or file

*******************************************************************************
Tue Feb 24 16:05:45 2026


FIT:    data read from "plots/linearSearch.out"
        format = z
        x range restricted to [0.00000 : 110000.]
        #datapoints = 10
        residuals are weighted equally (unit weight)

function used for fitting: g(x)
	g(x)=c*x+d
BREAK: Need via and either parameter list or file

*******************************************************************************
Tue Feb 24 16:07:23 2026


FIT:    data read from "plots/linearSearch.out"
        format = z
        x range restricted to [0.00000 : 110000.]
        #datapoints = 10
        residuals are weighted equally (unit weight)

function used for fitting: g(x)
	g(x)=c*x+d
BREAK: Need via and either parameter list or file

*******************************************************************************
Tue Feb 24 16:09:52 2026


FIT:    data read from "plots/linearSearch.out"
        format = z
        x range restricted to [0.00000 : 110000.]
        #datapoints = 10
        residuals are weighted equally (unit weight)

function used for fitting: g(x)
	g(x)=c*x+d
BREAK: Need via and either parameter list or file

*******************************************************************************
Tue Feb 24 16:11:30 2026


FIT:    data read from "plots/linearSearch.out"
        format = z
        x range restricted to [0.00000 : 110000.]
        #datapoints = 10
        residuals are weighted equally (unit weight)

function used for fitting: g(x)
	g(x)=c*x+d
BREAK: Need via and either parameter list or file

*******************************************************************************
Tue Feb 24 16:11:55 2026


FIT:    data read from "plots/linearSearch.out"
        format = z
        x range restricted to [0.00000 : 110000.]
        #datapoints = 10
        residuals are weighted equally (unit weight)

function used for fitting: g(x)
	g(x)=c*x+d
BREAK: Need via and either parameter list or file

*******************************************************************************
Tue Feb 24 16:12:25 2026


FIT:    data read from "plots/linearSearch.out" using 1:4
        format = x:z
        x range restricted to [0.00000 : 110000.]
        #datapoints = 10
        residuals are weighted equally (unit weight)

function used for fitting: g(x)
	g(x)=c*x+d
fitted parameters initialized with current variable values

iter      chisq       delta/lim  lambda   c             d            
   0 3.8484366413e+10   0.00e+00  4.39e+04    1.000000e+00   1.000000e+00
   8 2.1778933333e-02  -1.04e-01  4.39e-04    2.251133e-04  -5.441333e-01

After 8 iterations the fit converged.
final sum of squares of residuals : 0.0217789
rel. change during last iteration : -1.03733e-06

degrees of freedom    (FIT_NDF)                        : 8
rms of residuals      (FIT_STDFIT) = sqrt(WSSR/ndf)    : 0.0521763
variance of residuals (reduced chisquare) = WSSR/ndf   : 0.00272237

Final set of parameters            Asymptotic Standard Error
=======================            ==========================
c               = 0.000225113      +/- 5.744e-07    (0.2552%)
d               = -0.544133        +/- 0.03564      (6.55%)

correlation matrix of the fit parameters:
                c      d      
c               1.000 
d              -0.886  1.000 


*******************************************************************************
Mon Mar  9 16:07:31 2026


FIT:    data read from "plots/insertionSearch.out" using 1:2
        format = x:z
        x range restricted to [0.00000 : 110000.]
        #datapoints = 10
        residuals are weighted equally (unit weight)

function used for fitting: f(x)
	f(x) = a*x+b
fitted parameters initialized with current variable values

iter      chisq       delta/lim  lambda   a             b            
   0 3.8424162678e+08   0.00e+00  4.39e+03    1.000000e+00   1.000000e+00
   4 2.9517844458e+00  -7.57e-01  4.39e-01    9.853029e-04   1.000607e+00

After 4 iterations the fit converged.
final sum of squares of residuals : 2.95178
rel. change during last iteration : -7.56722e-06

degrees of freedom    (FIT_NDF)                        : 8
rms of residuals      (FIT_STDFIT) = sqrt(WSSR/ndf)    : 0.607432
variance of residuals (reduced chisquare) = WSSR/ndf   : 0.368973

Final set of parameters            Asymptotic Standard Error
=======================            ==========================
a               = 0.000985303      +/- 6.688e-05    (6.787%)
b               = 1.00061          +/- 0.415        (41.47%)

correlation matrix of the fit parameters:
                a      b      
a               1.000 
b              -0.886  1.000 


*******************************************************************************
Mon Mar  9 16:07:31 2026


FIT:    data read from "plots/insertionSearch.out" using 1:3
        format = x:z
        x range restricted to [0.00000 : 110000.]
        #datapoints = 10
        residuals are weighted equally (unit weight)

function used for fitting: g(x)
	g(x) = c*x+d
fitted parameters initialized with current variable values

iter      chisq       delta/lim  lambda   c             d            
   0 2.1534359417e+09   0.00e+00  4.39e+03    1.000000e+00   1.000000e+00
   7 9.7516251219e+07  -7.23e-04  4.39e-04    4.451927e+00  -8.626671e+03

After 7 iterations the fit converged.
final sum of squares of residuals : 9.75163e+07
rel. change during last iteration : -7.23271e-09

degrees of freedom    (FIT_NDF)                        : 8
rms of residuals      (FIT_STDFIT) = sqrt(WSSR/ndf)    : 3491.35
variance of residuals (reduced chisquare) = WSSR/ndf   : 1.21895e+07

Final set of parameters            Asymptotic Standard Error
=======================            ==========================
c               = 4.45193          +/- 0.3844       (8.634%)
d               = -8626.67         +/- 2385         (27.65%)

correlation matrix of the fit parameters:
                c      d      
c               1.000 
d              -0.886  1.000 


*******************************************************************************
Mon Mar  9 16:07:33 2026


FIT:    data read from "plots/insertionSearch.out" using 1:4
        format = x:z
        x range restricted to [0.00000 : 110000.]
        #datapoints = 10
        residuals are weighted equally (unit weight)

function used for fitting: h(x)
	h(x) = e*x+f
fitted parameters initialized with current variable values

iter      chisq       delta/lim  lambda   e             f            
   0 1.8466239815e+08   0.00e+00  4.39e+03    1.000000e+00   1.000000e+00
   7 1.9782654484e+07  -7.63e-04  4.39e-04    2.153039e+00  -3.991329e+03

After 7 iterations the fit converged.
final sum of squares of residuals : 1.97827e+07
rel. change during last iteration : -7.63412e-09

degrees of freedom    (FIT_NDF)                        : 8
rms of residuals      (FIT_STDFIT) = sqrt(WSSR/ndf)    : 1572.52
variance of residuals (reduced chisquare) = WSSR/ndf   : 2.47283e+06

Final set of parameters            Asymptotic Standard Error
=======================            ==========================
e               = 2.15304          +/- 0.1731       (8.041%)
f               = -3991.33         +/- 1074         (26.91%)

correlation matrix of the fit parameters:
                e      f      
e               1.000 
f              -0.886  1.000 


*******************************************************************************
Mon Mar  9 16:08:35 2026


FIT:    data read from "plots/insertionSearch.out" using 1:2
        format = x:z
        x range restricted to [0.00000 : 11000.0]
        #datapoints = 10
        residuals are weighted equally (unit weight)

function used for fitting: f(x)
	f(x) = a*x+b
fitted parameters initialized with current variable values

iter      chisq       delta/lim  lambda   a             b            
   0 2.9517844458e+00   0.00e+00  4.38e+00    9.853029e-04   1.000607e+00
   1 2.9517666044e+00  -6.04e-01  4.38e-01    9.852135e-04   1.001265e+00

After 1 iterations the fit converged.
final sum of squares of residuals : 2.95177
rel. change during last iteration : -6.04431e-06

degrees of freedom    (FIT_NDF)                        : 8
rms of residuals      (FIT_STDFIT) = sqrt(WSSR/ndf)    : 0.60743
variance of residuals (reduced chisquare) = WSSR/ndf   : 0.368971

Final set of parameters            Asymptotic Standard Error
=======================            ==========================
a               = 0.000985214      +/- 6.688e-05    (6.788%)
b               = 1.00126          +/- 0.415        (41.44%)

correlation matrix of the fit parameters:
                a      b      
a               1.000 
b              -0.886  1.000 


*******************************************************************************
Mon Mar  9 16:08:35 2026


FIT:    data read from "plots/insertionSearch.out" using 1:3
        format = x:z
        x range restricted to [0.00000 : 11000.0]
        #datapoints = 10
        residuals are weighted equally (unit weight)

function used for fitting: g(x)
	g(x) = c*x+d
fitted parameters initialized with current variable values

iter      chisq       delta/lim  lambda   c             d            
   0 9.7516251219e+07   0.00e+00  2.05e+04    4.451927e+00  -8.626671e+03
   1 9.7516251219e+07  -3.06e-11  2.05e+03    4.451927e+00  -8.626671e+03

After 1 iterations the fit converged.
final sum of squares of residuals : 9.75163e+07
rel. change during last iteration : -3.05614e-16

degrees of freedom    (FIT_NDF)                        : 8
rms of residuals      (FIT_STDFIT) = sqrt(WSSR/ndf)    : 3491.35
variance of residuals (reduced chisquare) = WSSR/ndf   : 1.21895e+07

Final set of parameters            Asymptotic Standard Error
=======================            ==========================
c               = 4.45193          +/- 0.3844       (8.634%)
d               = -8626.67         +/- 2385         (27.65%)

correlation matrix of the fit parameters:
                c      d      
c               1.000 
d              -0.886  1.000 


*******************************************************************************
Mon Mar  9 16:08:35 2026


FIT:    data read from "plots/insertionSearch.out" using 1:4
        format = x:z
        x range restricted to [0.00000 : 11000.0]
        #datapoints = 10
        residuals are weighted equally (unit weight)

function used for fitting: h(x)
	h(x) = e*x+f
fitted parameters initialized with current variable values

iter      chisq       delta/lim  lambda   e             f            
   0 1.9782654484e+07   0.00e+00  9.86e+03    2.153039e+00  -3.991329e+03
   1 1.9782654484e+07  -5.65e-11  9.86e+02    2.153039e+00  -3.991329e+03

After 1 iterations the fit converged.
final sum of squares of residuals : 1.97827e+07
rel. change during last iteration : -5.64933e-16

degrees of freedom    (FIT_NDF)                        : 8
rms of residuals      (FIT_STDFIT) = sqrt(WSSR/ndf)    : 1572.52
variance of residuals (reduced chisquare) = WSSR/ndf   : 2.47283e+06

Final set of parameters            Asymptotic Standard Error
=======================            ==========================
e               = 2.15304          +/- 0.1731       (8.041%)
f               = -3991.33         +/- 1074         (26.91%)

correlation matrix of the fit parameters:
                e      f      
e               1.000 
f              -0.886  1.000 
