

*******************************************************************************
Tue Feb 24 16:03:26 2026


FIT:    data read from "plots/linearSearch.out" using 1:3
        format = x:z
        x range restricted to [0.00000 : 110000.]
        #datapoints = 10
        residuals are weighted equally (unit weight)

function used for fitting: f(x)
	f(x) = a*x+b
fitted parameters initialized with current variable values

iter      chisq       delta/lim  lambda   a             b            
   0 3.8467060555e+10   0.00e+00  4.39e+04    1.000000e+00   1.000000e+00
   8 5.0441630182e+00  -1.28e-04  4.39e-04    4.396509e-04   1.758000e-01

After 8 iterations the fit converged.
final sum of squares of residuals : 5.04416
rel. change during last iteration : -1.276e-09

degrees of freedom    (FIT_NDF)                        : 8
rms of residuals      (FIT_STDFIT) = sqrt(WSSR/ndf)    : 0.794053
variance of residuals (reduced chisquare) = WSSR/ndf   : 0.63052

Final set of parameters            Asymptotic Standard Error
=======================            ==========================
a               = 0.000439651      +/- 8.742e-06    (1.988%)
b               = 0.1758           +/- 0.5424       (308.6%)

correlation matrix of the fit parameters:
                a      b      
a               1.000 
b              -0.886  1.000 


*******************************************************************************
Tue Feb 24 16:05:00 2026


FIT:    data read from "plots/linearSearch.out"
        format = z
        x range restricted to [0.00000 : 110000.]
        #datapoints = 10
        residuals are weighted equally (unit weight)

function used for fitting: g(x)
	g(x)=c*x+d
BREAK: Need via and either parameter list or file

*******************************************************************************
Tue Feb 24 16:05:45 2026


FIT:    data read from "plots/linearSearch.out"
        format = z
        x range restricted to [0.00000 : 110000.]
        #datapoints = 10
        residuals are weighted equally (unit weight)

function used for fitting: g(x)
	g(x)=c*x+d
BREAK: Need via and either parameter list or file

*******************************************************************************
Tue Feb 24 16:07:23 2026


FIT:    data read from "plots/linearSearch.out"
        format = z
        x range restricted to [0.00000 : 110000.]
        #datapoints = 10
        residuals are weighted equally (unit weight)

function used for fitting: g(x)
	g(x)=c*x+d
BREAK: Need via and either parameter list or file

*******************************************************************************
Tue Feb 24 16:09:52 2026


FIT:    data read from "plots/linearSearch.out"
        format = z
        x range restricted to [0.00000 : 110000.]
        #datapoints = 10
        residuals are weighted equally (unit weight)

function used for fitting: g(x)
	g(x)=c*x+d
BREAK: Need via and either parameter list or file

*******************************************************************************
Tue Feb 24 16:11:30 2026


FIT:    data read from "plots/linearSearch.out"
        format = z
        x range restricted to [0.00000 : 110000.]
        #datapoints = 10
        residuals are weighted equally (unit weight)

function used for fitting: g(x)
	g(x)=c*x+d
BREAK: Need via and either parameter list or file

*******************************************************************************
Tue Feb 24 16:11:55 2026


FIT:    data read from "plots/linearSearch.out"
        format = z
        x range restricted to [0.00000 : 110000.]
        #datapoints = 10
        residuals are weighted equally (unit weight)

function used for fitting: g(x)
	g(x)=c*x+d
BREAK: Need via and either parameter list or file

*******************************************************************************
Tue Feb 24 16:12:25 2026


FIT:    data read from "plots/linearSearch.out" using 1:4
        format = x:z
        x range restricted to [0.00000 : 110000.]
        #datapoints = 10
        residuals are weighted equally (unit weight)

function used for fitting: g(x)
	g(x)=c*x+d
fitted parameters initialized with current variable values

iter      chisq       delta/lim  lambda   c             d            
   0 3.8484366413e+10   0.00e+00  4.39e+04    1.000000e+00   1.000000e+00
   8 2.1778933333e-02  -1.04e-01  4.39e-04    2.251133e-04  -5.441333e-01

After 8 iterations the fit converged.
final sum of squares of residuals : 0.0217789
rel. change during last iteration : -1.03733e-06

degrees of freedom    (FIT_NDF)                        : 8
rms of residuals      (FIT_STDFIT) = sqrt(WSSR/ndf)    : 0.0521763
variance of residuals (reduced chisquare) = WSSR/ndf   : 0.00272237

Final set of parameters            Asymptotic Standard Error
=======================            ==========================
c               = 0.000225113      +/- 5.744e-07    (0.2552%)
d               = -0.544133        +/- 0.03564      (6.55%)

correlation matrix of the fit parameters:
                c      d      
c               1.000 
d              -0.886  1.000 
